// Jest Snapshot v1, https://goo.gl/fbAQLP

exports[`Should render Header corectly 1`] = `
<div>
  <header>
    <h1>
      Expensify
    </h1>
    <NavLink
      activeClassName="is-active"
      ariaCurrent="true"
      exact={true}
      to="/"
    >
      Home
    </NavLink>
    <NavLink
      activeClassName="is-active"
      ariaCurrent="true"
      to="/create"
    >
      Create Expense
    </NavLink>
  </header>
</div>
`;
